> Task :app:checkKotlinGradlePluginConfigurationErrors
> Task :app:preBuild UP-TO-DATE
> Task :app:preDebugBuild UP-TO-DATE
> Task :app:checkDebugAarMetadata UP-TO-DATE
> Task :app:generateDebugResValues UP-TO-DATE
> Task :app:mapDebugSourceSetPaths UP-TO-DATE
> Task :app:generateDebugResources UP-TO-DATE
> Task :app:mergeDebugResources UP-TO-DATE
> Task :app:packageDebugResources UP-TO-DATE
> Task :app:parseDebugLocalResources UP-TO-DATE
> Task :app:createDebugCompatibleScreenManifests UP-TO-DATE
> Task :app:extractDeepLinksDebug UP-TO-DATE
> Task :app:processDebugMainManifest UP-TO-DATE
> Task :app:processDebugManifest UP-TO-DATE
> Task :app:processDebugManifestForPackage UP-TO-DATE
> Task :app:processDebugResources UP-TO-DATE
> Task :app:kspDebugKotlin UP-TO-DATE

> Task :app:compileDebugKotlin
.\gradlew.bat : e: file:///C:/Users/heman/Desktop/
CV/app/src/main/java/com/simats/poultrysuite/MainA
ctivity.kt:42:70 Unresolved reference: Splash
At line:1 char:50
+ ... va\jdk-17'; .\gradlew.bat 
compileDebugKotlin > build_error.log 2>&1;  ...
+                 ~~~~~~~~~~~~~~~~~~~~~~~~~~~~~~~~
~~~~~~~~~~~~~~~~~~~~~~~
    + CategoryInfo          : NotSpecified: (e: f 
   ile:///C:/U...ference: Splash:String) [], Rem  
  oteException
    + FullyQualifiedErrorId : NativeCommandError
 
e: file:///C:/Users/heman/Desktop/CV/app/src/main/
java/com/simats/poultrysuite/MainActivity.kt:43:27
 Unresolved reference: Splash
e: file:///C:/Users/heman/Desktop/CV/app/src/main/
java/com/simats/poultrysuite/ui/splash/SplashScree
n.kt:46:28 Unresolved reference: Splash
e: file:///C:/Users/heman/Desktop/CV/app/src/main/
java/com/simats/poultrysuite/ui/splash/SplashScree
n.kt:46:44 Cannot access 'inclusive': it is 
private in 'NavOptionsBuilder'

> Task :app:compileDebugKotlin FAILED

[Incubating] Problems report is available at: file:///C:/Users/heman/Desktop/CV/build/reports/problems/problems-report.html

FAILURE: Build failed with an exception.

* What went wrong:
Execution failed for task 
':app:compileDebugKotlin'.
> A failure occurred while executing org.jetbrains
.kotlin.compilerRunner.GradleCompilerRunnerWithWor
kers$GradleKotlinCompilerWorkAction
   > Compilation error. See log for more details

* Try:
> Run with --stacktrace option to get the stack 
trace.
> Run with --info or --debug option to get more 
log output.
> Run with --scan to generate a Build Scan 
(powered by Develocity).
> Get more help at https://help.gradle.org.

Deprecated Gradle features were used in this build, making it incompatible with Gradle 10.

You can use '--warning-mode all' to show the individual deprecation warnings and determine if they come from your own scripts or plugins.

For more on this, please refer to https://docs.gradle.org/9.2.1/userguide/command_line_interface.html#sec:command_line_warnings in the Gradle documentation.

BUILD FAILED in 37s
16 actionable tasks: 2 executed, 14 up-to-date
